
> fulafia-ams-client@1.0.0 build
> vite build

[36mvite v5.4.21 [32mbuilding for production...[36m[39m
transforming...
[32m✓[39m 117 modules transformed.
rendering chunks...
computing gzip size...
[2mdist/[22m[32mindex.html                 [39m[1m[2m  0.41 kB[22m[1m[22m[2m │ gzip:  0.28 kB[22m
[2mdist/[22m[35massets/index-BwdBdz7_.css  [39m[1m[2m 36.80 kB[22m[1m[22m[2m │ gzip:  6.78 kB[22m
[2mdist/[22m[36massets/index-CtD_TyJ3.js   [39m[1m[2m334.60 kB[22m[1m[22m[2m │ gzip: 92.32 kB[22m
[32m✓ built in 6.97s[39m
